#
# Definitions
# Letters before ~ truncated
#

*0
0      ---STATS---
0      Strength
1      Perception
2      Endurance
3      Charisma
4      Intellect
5      Agility
6      Luck

*200
0      ---SKILLS---
0      SmallGuns
1      BigGuns
2      EnergyWeapons
3      Unarmed
4      MeleeWeapons
5      Throwing
6      FirstAid
7      Doctor
8      Sneak
9      Lockpick
10     Steal
11     Traps
12     Science
13     Repair
14     Speech
15     Barter
16     Gambling
17     Outdoorsman

*90
0      ---VARS---
0      Var0
1      Var1
2      Var2
3      Var3
4      Var4
5      Var5
6      Var6
7      Var7
8      Var8
9      Var9

*0
0      ---Factions/Groups---
1      FACTION_NONE
2      FACTION_BOS
3      FACTION_ENCLAVE
4      FACTION_UNITY
5      FACTION_NCR
6      FACTION_VAULT_CITY
7      FACTION_RAIDERS
8      FACTION_MORDINOS
9      FACTION_SLAVERS_GUILD
10     FACTION_SLAGS
11     FACTION_KOKOWEEF
12     FACTION_MORNINGSTAR
13     FACTION_BH_HUMANS
14     FACTION_BH_MUTANTS
15     FACTION_WRIGHTS
16     FACTION_BISHOPS
17     FACTION_SALVATORES
18     FACTION_NCR_RANGERS
19     FACTION_VORTIS_SLAVERS
20     FACTION_COMMUNISTS
21     FACTION_VAGRANTS
22     FACTION_CRYPTS
23     FACTION_FOOLS
24     FACTION_HUB_CRIMINALS
25     FACTION_CRIMSON_CARAVANS
26     FACTION_FARGO_TRADERS
27     FACTION_WATER_MERCHANTS
28     FACTION_HEIGHTS
29     FACTION_REGULATORS
30     FACTION_SCAVENGERS
31     FACTION_GUNRUNNERS
32     FACTION_FOLLOWERS
33     FACTION_BOUNTY_HUNTERS
34     FACTION_FREE_TRADERS
35     FACTION_GUTTERSNIPES
36     FACTION_FLC
37     FACTION_SLAVES
38     FACTION_LARAS_GANG
39     FACTION_CHILDREN
40     FACTION_NR_PIMPS
41     FACTION_ELRONOLOGISTS
42     FACTION_CATHEDRAL
43     FACTION_CORSICAN_BROTHERS
80     FACTION_KLAMATH
81     FACTION_DEN
82     FACTION_MODOC
83     FACTION_COURTYARD
84     FACTION_GECKO
85     FACTION_REDDING
86     FACTION_BH_GHOULS
87     FACTION_NEW_RENO
88     FACTION_NECROPOLIS
89     FACTION_JUNKTOWN
90     FACTION_HUB
91     FACTION_LA

*0
0      ---CritterTypes---
-1     CRTYPE_FEMALE_DEFAULT
-2     CRTYPE_MALE_DEFAULT
0      -
106    CRTYPE_LHD_JUMPSUIT 
123    CRTYPE_BHD_JUMPSUIT

*0
0      ---ANIM1---
1      Anim1Unarmed
4      Anim1Knife
5      Anim1Club
6      Anim1Hammer
7      Anim1Spear
8      Anim1Pistol
9      Anim1SMG
10     Anim1Shootgun
11     Anim1HeavyRifle
12     Anim1Minigun
13     Anim1RocketLauncher
14     Anim1Flamer
15     Anim1Rifle
16     Anim1Sword
17     Anim1LongSword
18     Anim1Axe
19     Anim1Bow

*0
0      ---ANIM2---
1      Anim2Idle
2      Anim2IdleStunned
3      Anim2Walk
4      Anim2Limp
5      Anim2Run
6      Anim2PanicRun
7      Anim2SneakWalk
8      Anim2SneakRun
10     Anim2Stand
11     Anim2Crouch
12     Anim2Prone
20     Anim2ShowWeapon
21     Anim2HideWeapon
22     Anim2PrepareWeapon
23     Anim2TurnoffWeapon
24     Anim2Fidget
26     Anim2Climbing
27     Anim2PickUp
28     Anim2Use
29     Anim2SwitchItems
30     Anim2Reload
31     Anim2Repair
35     Anim2Loot
36     Anim2Steal
37     Anim2Push
40     Anim2BeginCombat
41     Anim2IdleCombat
42     Anim2EndCombat
43     Anim2PunchRight
44     Anim2PunchLeft
45     Anim2PunchCombo
46     Anim2KickHi
47     Anim2KickLo
48     Anim2KickCombo
49     Anim2Thrust1H
50     Anim2Thrust2H
51     Anim2Swing1H
52     Anim2Swing2H
53     Anim2Throw
54     Anim2Single
55     Anim2Burst
56     Anim2Sweep
57     Anim2Butt
58     Anim2Flame
59     Anim2NoRecoil
70     Anim2DodgeFront
71     Anim2DodgeBack
72     Anim2DamageFront
73     Anim2DamageBack
74     Anim2DamageMulFront
75     Anim2DamageMulBack
76     Anim2WalkDamageFront
77     Anim2WalkDamageBack
78     Anim2LimpDamageFront
79     Anim2LimpDamageBack
80     Anim2RunDamageFront
81     Anim2RunDamageBack
82     Anim2KnockFront
83     Anim2KnockBack
84     Anim2LaydownFront
85     Anim2LaydownBack
86     Anim2IdleProneFront
87     Anim2IdleProneBack
88     Anim2StandupFront
89     Anim2StandupBack
90     Anim2DamageProneFront
91     Anim2DamageProneBack
92     Anim2DamageMulProneFront
93     Anim2DamageMulProneBack
94     Anim2TwitchProneFront
95     Anim2TwitchProneBack
100    Anim2DeadProneFront
101    Anim2DeadProneBack
102    Anim2DeadFront
103    Anim2DeadBack
110    Anim2DeadBloodySingle
111    Anim2DeadBloodyBurst
112    Anim2DeadBurst
113    Anim2DeadPulse
114    Anim2DeadPulseDust
115    Anim2DeadLaser
116    Anim2DeadFused
117    Anim2DeadExplode
118    Anim2DeadBurn
119    Anim2DeadBurnRun
