0      ST_STRENGTH
1      ST_PERCEPTION
2      ST_ENDURANCE
3      ST_CHARISMA
4      ST_INTELLECT
5      ST_AGILITY
6      ST_LUCK
7      ST_MAX_LIFE
8      ST_ACTION_POINTS
9      ST_ARMOR_CLASS
10     ST_MELEE_DAMAGE
11     ST_CARRY_WEIGHT
12     ST_SEQUENCE
13     ST_HEALING_RATE
14     ST_CRITICAL_CHANCE
15     ST_MAX_CRITICAL
16     ST_NORMAL_ABSORB
17     ST_LASER_ABSORB
18     ST_FIRE_ABSORB
19     ST_PLASMA_ABSORB
20     ST_ELECTRO_ABSORB
21     ST_EMP_ABSORB
22     ST_EXPLODE_ABSORB
23     ST_NORMAL_RESIST
24     ST_LASER_RESIST
25     ST_FIRE_RESIST
26     ST_PLASMA_RESIST
27     ST_ELECTRO_RESIST
28     ST_EMP_RESIST
29     ST_EXPLODE_RESIST
30     ST_RADIATION_RESISTANCE
31     ST_POISON_RESISTANCE
65     ST_RADIOACTIVE
66     ST_KILL_EXPERIENCE
67     ST_BODY_TYPE
68     ST_LOCOMOTION_TYPE
69     ST_DAMAGE_TYPE
70     ST_AGE
71     ST_GENDER
72     ST_CURRENT_HP
73     ST_POISONING_LEVEL
74     ST_RADIATION_LEVEL
75     ST_CURRENT_AP
76     ST_EXPERIENCE
77     ST_LEVEL
78     ST_UNSPENT_SKILL_POINTS
79     ST_UNSPENT_PERKS
80     ST_KARMA
81     ST_FOLLOW_CRIT
82     ST_REPLICATION_MONEY
83     ST_REPLICATION_COUNT
84     ST_REPLICATION_TIME
85     ST_RATE_OBJECT
86     ST_TURN_BASED_AC
87     ST_MAX_MOVE_AP
88     ST_MOVE_AP
89     ST_NPC_ROLE
90     ST_VAR0
91     ST_VAR1
92     ST_VAR2
93     ST_VAR3
94     ST_VAR4
95     ST_VAR5
96     ST_VAR6
97     ST_VAR7
98     ST_VAR8
99     ST_VAR9
100    ST_PLAYER_KARMA
101    ST_BONUS_LOOK
104    ST_DIALOG_ID
105    ST_AI_ID
106    ST_TEAM_ID
107    ST_BAG_ID
112    ST_BASE_CRTYPE
121    ST_FACTION_RANK
122    ST_FACTION_MODE
140    ST_DEFAULT_ARMOR_PID 
141    ST_DEFAULT_HELMET_PID 
143    ST_OVERRIDE_CRTYPE
144	   ST_TURN_BASED_HEX
145    ST_CURRENT_HELMET_PERK
146    ST_FACTION_UPDATE_SEQ
147    ST_MINIGAME_DATA

*200
0      SK_SMALL_GUNS
1      SK_BIG_GUNS
2      SK_ENERGY_WEAPONS
3      SK_UNARMED
4      SK_MELEE_WEAPONS
5      SK_THROWING
6      SK_FIRST_AID
7      SK_DOCTOR
8      SK_SNEAK
9      SK_LOCKPICK
10     SK_STEAL
11     SK_TRAPS
12     SK_SCIENCE
13     SK_REPAIR
14     SK_SPEECH
15     SK_BARTER
16     SK_GAMBLING
17     SK_OUTDOORSMAN

*260
0      KILL_MEN
1      KILL_WOMEN
2      KILL_CHILDREN
3      KILL_SUPER_MUTANT
4      KILL_GHOUL
5      KILL_BRAHMIN
6      KILL_RADSCORPION
7      KILL_RAT
8      KILL_FLOATER
9      KILL_CENTAUR
10     KILL_ROBOT
11     KILL_DOG
12     KILL_MANTI
13     KILL_DEADCLAW
14     KILL_PLANT
15     KILL_GECKO
16     KILL_ALIEN
17     KILL_GIANT_ANT
18     KILL_BIG_BAD_BOSS


*300
0      PE_BOOKWORM
1      PE_AWARENESS
2      PE_BONUS_HTH_ATTACKS
3      PE_BONUS_HTH_DAMAGE
4      PE_BONUS_MOVE
5      PE_BONUS_RANGED_DAMAGE
6      PE_BONUS_RATE_OF_FIRE
7      PE_EARLIER_SEQUENCE
8      PE_FASTER_HEALING
9      PE_MORE_CRITICALS
10     PE_NIGHT_VISION
12     PE_RAD_RESISTANCE
13     PE_TOUGHNESS
14     PE_STRONG_BACK
15     PE_SHARPSHOOTER
16     PE_SILENT_RUNNING
17     PE_SURVIVALIST
18     PE_MASTER_TRADER
19     PE_EDUCATED
20     PE_HEALER
21     PE_FORTUNE_FINDER
22     PE_BETTER_CRITICALS
23     PE_EMPATHY
24     PE_SLAYER
25     PE_SNIPER
26     PE_SILENT_DEATH
27     PE_ACTION_BOY
28     PE_MENTAL_BLOCK
29     PE_LIFEGIVER
30     PE_DODGER
31     PE_SNAKEATER
32     PE_MR_FIXIT
33     PE_MEDIC
34     PE_MASTER_THIEF
35     PE_SPEAKER
36     PE_HEAVE_HO
37     PE_FRIENDLY_FOE
38     PE_PICKPOCKET
39     PE_GHOST
40     PE_CULT_OF_PERSONALITY
41     PE_SCROUNGER
42     PE_EXPLORER
43     PE_FLOWER_CHILD
44     PE_PATHFINDER
45     PE_ANIMAL_FRIEND
46     PE_SCOUT
47     PE_MYSTERIOUS_STRANGER
48     PE_RANGER
49     PE_QUICK_POCKETS
50     PE_SMOOTH_TALKER
51     PE_SWIFT_LEARNER
52     PE_TAG
53     PE_MUTATE
54     PE_PROFESSION_ARMORER
55     PE_PROFESSION_GUNSMITH_S
56     PE_PROFESSION_GUNSMITH_B
57     PE_PROFESSION_ENERGY_EXPERT
58     PE_PROFESSION_DEMOLITION_EXPERT
59     PE_PROFESSION_DOCTOR
60     PE_PROFESSION_MORDINO_CHEMIST
61     PE_PROFESSION_THIEF
62     PE_PROFESSION_LIBRARIAN
63     PE_PROFESSION_SCOUT
80     PE_ADRENALINE_RUSH
81     PE_CAUTIOUS_NATURE
82     PE_COMPREHENSION
83     PE_DEMOLITION_EXPERT
84     PE_GAMBLER
85     PE_GAIN_STRENGTH
86     PE_GAIN_PERCEPTION
87     PE_GAIN_ENDURANCE
88     PE_GAIN_CHARISMA
89     PE_GAIN_INTELLIGENCE
90     PE_GAIN_AGILITY
91     PE_GAIN_LUCK
92     PE_HARMLESS
93     PE_HERE_AND_NOW
94     PE_HTH_EVADE
95     PE_KAMA_SUTRA_MASTER
96     PE_KARMA_BEACON
97     PE_LIGHT_STEP
98     PE_LIVING_ANATOMY
99     PE_MAGNETIC_PERSONALITY
100    PE_NEGOTIATOR
101    PE_PACK_RAT
102    PE_PYROMANIAC
103    PE_QUICK_RECOVERY
104    PE_SALESMAN
105    PE_STONEWALL
106    PE_THIEF
107    PE_WEAPON_HANDLING
108    PE_VAULT_CITY_TRAINING
117    PE_EXPERT_EXCREMENT
119    PE_JINXED_II
120    PE_TERMINATOR
121    PE_TREE_TRUNK_THIGHS
122    PE_IRON_GRIP
123    PE_MAN_OF_STEEL
124    PE_EVEN_MORE_CRITICAL
125    PE_RIGHT_BETWEEN_THE_EYES
126    PE_FAST_RELOAD
127    PE_SPRAY_AND_PREY
128    PE_MORE_RANGED_DAMAGE
129    PE_LIVEWIRE
130    PE_GECKO_SKINNING
131    PE_VAULT_CITY_INOCULATIONS
132    PE_DERMAL_IMPACT
133    PE_DERMAL_IMPACT_ENH
134    PE_PHOENIX_IMPLANTS
135    PE_PHOENIX_IMPLANTS_ENH
136    PE_HTH_EVADE_II
137    PE_DODGER_II
138    PE_EVEN_TOUGHER
139    PE_HEALER_II
140    PE_BLESSED_ARE_THE_WEAK
141    PE_NIGHT_PERSON
142    PE_MELT_INTO_SHADOW
143    PE_BONUS_HTH_DAMAGE_II
144    PE_IN_YOUR_FACE
145    PE_HIT_THE_GAPS
146    PE_HTH_CRITICALS
147    PE_HEAVE_HO_II
148    PE_JUNK_MERCHANT
149    PE_BULK_TRADER
150    PE_SEX_APPEAL
151    PE_BORN_LEADER
152    PE_TRAPPER
153    PE_HAND_LOADER
154    PE_STEALTH_GIRL
155    PE_BEST_OF_A_BAD_LOT
156    PE_DISMANTLER
157    PE_VIGILANT_RECYCLER
158    PE_RETENTION
159    PE_TREASURE_HUNTER
160    PE_LOCKPICK_PERK_2
161    PE_DEAD_MAN_WALKING

*470
0      ADDICTION_NUKA_COLA
1      ADDICTION_BUFFOUT
2      ADDICTION_MENTATS
3      ADDICTION_PSYCHO
4      ADDICTION_RADAWAY
5      ADDICTION_JET
6      ADDICTION_TRAGIC
7      ADDICTION_CIGARETTES

*480
0     KARMA_BERSERKER
1     KARMA_CHAMPION
2     KARMA_CHILDKILLER
3     KARMA_SEXPERT
4     KARMA_PRIZEFIGHTER
5     KARMA_GIGOLO
6     KARMA_GRAVE_DIGGER
7     KARMA_MARRIED
8     KARMA_PORN_STAR
9     KARMA_SLAVER
10    KARMA_VIRGIN_WASTES
11    KARMA_MAN_SALVATORE
12    KARMA_MAN_BISHOP
13    KARMA_MAN_MORDINO
14    KARMA_MAN_WRIGHT
15    KARMA_SEPARATED
16    KARMA_NCR_RANGER

*500
0      DAMAGE_POISONED
1      DAMAGE_RADIATED
2      DAMAGE_EYE
3      DAMAGE_RIGHT_ARM
4      DAMAGE_LEFT_ARM
5      DAMAGE_RIGHT_LEG
6      DAMAGE_LEFT_LEG

*510
0      MODE_HIDE
1      MODE_NO_STEAL
2      MODE_NO_BARTER
3      MODE_NO_ENEMY_STACK
4      MODE_NO_PVP
5      MODE_END_COMBAT
6      MODE_DEFAULT_COMBAT
7      MODE_NO_HOME
8      MODE_GECK
9      MODE_NO_FAVORITE_ITEM
10     MODE_NO_ITEM_GARBAGER
11     MODE_DLG_SCRIPT_BARTER
12     MODE_UNLIMITED_AMMO
13     MODE_NO_DROP
14     MODE_NO_LOOSE_LIMBS
15     MODE_DEAD_AGES
16     MODE_NO_HEAL
17     MODE_INVULNERABLE
18     MODE_NO_FLATTEN
19     MODE_SPECIAL_DEAD
20     MODE_RANGE_HTH
21     MODE_NO_KNOCK
22     MODE_NO_LOOT
23     MODE_TRADER_ITEM_LEVELS
24     MODE_EXT
25     MODE_KILLER_ADMIN
26     MODE_NO_PUSH
27     MODE_NO_UNARMED
28     MODE_NO_AIM
29     MODE_NO_WALK
30     MODE_NO_RUN
31     MODE_NO_TALK

*550
0      TRAIT_FAST_METABOLISM
1      TRAIT_BRUISER
2      TRAIT_SMALL_FRAME
3      TRAIT_ONE_HANDER
4      TRAIT_FINESSE
5      TRAIT_KAMIKAZE
6      TRAIT_HEAVY_HANDED
7      TRAIT_FAST_SHOT
8      TRAIT_BLOODY_MESS
9      TRAIT_JINXED
10     TRAIT_GOOD_NATURED
11     TRAIT_CHEM_RELIANT
12     TRAIT_CHEM_RESISTANT
13     TRAIT_SEX_APPEAL
14     TRAIT_SKILLED
15     TRAIT_NIGHT_PERSON

*600
0      REPUTATION_UNKNOWN
1      REPUTATION_NONE
2      REPUTATION_BOS
3      REPUTATION_ENCLAVE
4      REPUTATION_UNITY
5      REPUTATION_NCR
6      REPUTATION_VAULT_CITY
7      REPUTATION_RAIDERS
8      REPUTATION_MORDINOS
9      REPUTATION_SLAVERS_GUILD
10     REPUTATION_SLAGS
11     REPUTATION_KOKOWEEF
12     REPUTATION_MORNINGSTAR
13     REPUTATION_BH_HUMANS
14     REPUTATION_BH_MUTANTS
15     REPUTATION_WRIGHTS
16     REPUTATION_BISHOPS
17     REPUTATION_SALVATORES
18     REPUTATION_NCR_RANGERS
19     REPUTATION_VORTIS_SLAVERS
20     REPUTATION_COMMUNISTS
21     REPUTATION_VAGRANTS
22     REPUTATION_CRYPTS
23     REPUTATION_FOOLS
24     REPUTATION_HUB_CRIMINALS
25     REPUTATION_CRIMSON_CARAVANS
26     REPUTATION_FARGO_TRADERS
27     REPUTATION_WATER_MERCHANTS
28     REPUTATION_HEIGHTS
29     REPUTATION_REGULATORS
30     REPUTATION_SCAVENGERS
31     REPUTATION_GUNRUNNERS
32     REPUTATION_FOLLOWERS
33     REPUTATION_BOUNTY_HUNTERS
34     REPUTATION_FREE_TRADERS
35     REPUTATION_GUTTERSNIPES
36     REPUTATION_FLC
37     REPUTATION_SLAVES
38     REPUTATION_LARAS_GANG
39     REPUTATION_CHILDREN
40     REPUTATION_NR_PIMPS
41     REPUTATION_ELRONOLOGISTS
42     REPUTATION_CATHEDRAL
43     REPUTATION_CORSICAN_BROTHERS
80     REPUTATION_KLAMATH
81     REPUTATION_DEN
82     REPUTATION_MODOC
83     REPUTATION_COURTYARD
84     REPUTATION_GECKO
85     REPUTATION_REDDING
86     REPUTATION_BH_GHOULS
87     REPUTATION_NEW_RENO
88     REPUTATION_NECROPOLIS
89     REPUTATION_JUNKTOWN
90     REPUTATION_HUB
91     REPUTATION_LA
