reserved.frm
ammo.frm
backpack.frm
bag.frm
battery.frm
bcasefl.frm
bigbox2.frm
bokcas1.frm
bokcas2.frm
bokcas3.frm
bokcas5.frm
bokcas6.frm
bokcas7.frm
book.frm
box2.frm
bpack2.frm
club.frm
cmbtflx.frm
desk1.frm
desk2.frm
dresr1.frm
dresr2.frm
dresr3.frm
dynamite.frm
flamethr.frm
fridge.frm
iceche.frm
iceches.frm
knife.frm
ltharmor.frm
maxflr.frm
minigun.frm
motor.frm
mtlarmor.frm
pistol.frm
pwrarmor.frm
rifle.frm
rlaunch.frm
rshell.frm
scorptal.frm
sledge.frm
smalbox2.frm
spear.frm
tanks.frm
uzi.frm
bag2.frm
flare.frm   
wepnbox.frm 
chip.frm    
pump.frm
alien1.frm  
alien2.frm  
robe.frm
rock.frm
footlkr1.frm
footlkr2.frm
footlkr3.frm
footlkr4.frm
locker1.frm 
locker2.frm 
locker3.frm 
locker4.frm 
walllkr1.frm
walllkr2.frm
walllkr3.frm
walllkr4.frm
bkshlf1.frm 
bkshlf2.frm 
bkshlf3.frm 
bkshlf4.frm 
bkshlf5.frm 
bkshlf6.frm 
sttable.frm 
sttools.frm 
wshelv1.frm 
wshelv2.frm 
wshelv3.frm 
wshelv4.frm 
wshelv5.frm 
wshelv6.frm 
bib.frm     
medtbl06.frm
medtbl07.frm
tbltop01.frm
tbltop02.frm
tbltop03.frm
tbltop04.frm
tbltop05.frm
tbltop06.frm
tbltop07.frm
tbltop08.frm
tbltop09.frm
tbltop10.frm
tbltop11.frm
tbltop12.frm
crate4.frm  
dskglow1.frm
dskglow2.frm
dskglow3.frm
dskglow4.frm
dskmilt1.frm
dskmilt2.frm
dskmilt3.frm
locker5.frm 
locker6.frm 
ibox01.frm  
ibox02.frm  
ibox03.frm  
ibox04.frm  
ibox05.frm  
ibox06.frm  
ibox07.frm  
ibox08.frm
v13bones.frm
gizdead1.frm
gizdead2.frm
beer.frm    
docbag.frm  
elecpic.frm 
elvis.frm   
flower.frm  
geiger.frm  
gernade.frm 
motion.frm  
motor.frm   
plstic.frm  
rope.frm    
trophy.frm  
thand.frm
arvase1.frm
arvase2.frm
chest1.frm
ABKSHLF1.FRM
ABKSHLF2.FRM
arvase3.frm
arvase4.frm
arbones.frm
robtrock.frm
robtroc2.frm
brocflwr.frm
xander.frm
FIREWOOD.FRM
RADSLIMB.FRM
shovel1.frm
rbtmelee.frm
plank1.frm
suprtool.frm
VERTIBRD.FRM
grave1.frm
grave2.frm
grave3.frm
grave4.frm
parmor2.frm
plntspik.frm
geck.frm
jar.frm
ammobox1.frm
ammobox2.frm
ammobox3.frm
ammobox4.frm
dclaw1.frm
dclaw2.frm
grave5.frm
grave6.frm
grave7.frm
rock2.frm
stonhead.frm
geckfire.frm
CCART01.FRM
CCART02.FRM
cartrunk.frm
JCONTAIN.FRM
boxweap1.frm
donotuse.frm
gunturet.frm
safe.frm
lgsafe.frm
body.frm
POOLTBL1.FRM
POOLTBL2.FRM
POOLTBL3.FRM
POOLTBL4.FRM
POOLTBL5.FRM
POOLTBL6.FRM
gunautoc.frm
poorbox.frm
TREKGUY1.FRM
TREKGUY2.FRM
TREKGUY3.FRM
minemach.frm
boss01.frm
BOSS02.FRM
Hummer.fofrm            #Car
HummerBag.fofrm         #Car bag
Buggy1.frm
Buggy2.frm
Buggy3.frm
Scout1.frm
Scout2.frm
Scout3.frm          
pelt1itm.frm            #Gekko skin
pelt2itm.frm            #Gekko skin
pelt3itm.frm            #Gekko skin
Vertibird.fofrm         #Big car
VertibirdBag.fofrm      #Bag
still.fofrm
Highwayman.fofrm
HighwaymanBag.fofrm
BuggyBag.fofrm
ScoutBag.fofrm
BARREL2.FRM
CAVEIN.FRM
CORN1.FRM
CORN2.FRM
CORN3.FRM
CORN4.FRM
CORN5.FRM
CORN6.FRM
MBROCKS1.FRM
STILL.FRM
TREE7.FRM
TREE8.FRM
TREE9.FRM
Waypoint.fofrm
wanted1.fofrm
wanted2.fofrm
mstr49.fofrm  
mstr50.fofrm  
mstr51.fofrm  
mstr52.fofrm
vomit1.fofrm
vomit2.fofrm
bookshlf.fofrm
caravan.fofrm
ccart01.fofrm
ccart02.fofrm
lock.fofrm
highwayman2.fofrm
highwayman2bag.fofrm
treasure553.fofrm
treasure554.fofrm
treasure555.fofrm
treasure556.fofrm
treasure557.fofrm
caravan_white.fofrm
caravan_orange.fofrm
treechopped1.fofrm
caravan_white_bag.fofrm
caravan_orange_bag.fofrm
waterpipe.fofrm
prospstone1.fofrm
prospstone2.fofrm
farmedcorn1.fofrm
farmedcorn2.fofrm
farmedcorn3.fofrm
tree4.fofrm
tree5.fofrm
tree6.fofrm
hole01.fofrm
balloon1.fofrm
balloon2.fofrm
balloon3.fofrm
balloon4.fofrm
steam03.frm
ammomach.fofrm
forcont1.frm
cockroach1.fofrm
cockroach-trunk.fofrm
carwreck.fofrm
hole2.fofrm
anthole.fofrm
caverope.fofrm
carvbox.fofrm
nukamachine.fofrm
cigsmachine.fofrm
cigsvending.fofrm
rock01.fofrm
rock03.fofrm
rock04.fofrm
rock06.fofrm
rock07.fofrm
rock08.fofrm
rock09.fofrm
rock10.fofrm
brokcomp1.fofrm
brokcomp2.fofrm
