STRENGTH.FRM  ; Strength     (Basic Stat)
PERCEPTN.FRM  ; Perception   (Basic Stat)
ENDUR.FRM     ; Endurance    (Basic Stat)
CHARISMA.FRM  ; Charisma     (Basic Stat)
INTEL.FRM     ; Intelligence (Basic Stat)
AGILITY.FRM   ; Agility      (Basic Stat)
LUCK.FRM      ; Luck         (Basic Stat)
*7
HITPOINT.FRM  ; Hit Points
ACTIONPT.FRM  ; Action Points
ARMORCLS.FRM  ; Armor Class
MELEEDAM.FRM  ; Melee Damage
CARRYAMT.FRM  ; Carry Weight (Carry Amount)
SEQUENCE.FRM  ; Sequence
HEALRATE.FRM  ; Healing Rate
CRITCHNC.FRM  ; Critical Chance
*23
DAMRESIS.FRM  ; Damage Resistance
*30
RADRESIS.FRM  ; Radiation resist
POISNRES.FRM  ; Poison Resistance
*72
HITPOINT.FRM  ; Hit Points
POISONED.FRM  ; Poison level
RADIATED.FRM  ; Radiation level

*76
EXPER.FRM     ; Experience
LEVEL.FRM     ; Level

*200
GUNSML.FRM    ; Small Guns
GUNBIG.FRM    ; Big Guns
ENERGYWP.FRM  ; Energy Weapons
UNARMED.FRM   ; Unarmed
MELEE.FRM     ; Melee Weapons
THROWING.FRM  ; Throwing
FIRSTAID.FRM  ; First Aid
DOCTOR.FRM    ; Doctor
SNEAK.FRM     ; Sneak
LOCKPICK.FRM  ; Lockpick
STEAL.FRM     ; Steal
TRAPS.FRM     ; Traps
SCIENCE.FRM   ; Science
REPAIR.FRM    ; Repair
SPEECH.FRM    ; Speech
BARTER.FRM    ; Barter
GAMBLING.FRM  ; Gambling
OUTDOORS.FRM  ; Outdoorsman

*260
KILLS.FRM     ; Men
KILLS.FRM     ; Women
KILLS.FRM     ; Children
KILLS.FRM     ; Super Mutant
KILLS.FRM     ; Ghoul
KILLS.FRM     ; Brahmin
KILLS.FRM     ; Redscorpion
KILLS.FRM     ; Rat
KILLS.FRM     ; Floater
KILLS.FRM     ; Centaur
KILLS.FRM     ; Robot
KILLS.FRM     ; Dog
KILLS.FRM     ; Manti
KILLS.FRM     ; Deathclaw
KILLS.FRM     ; Plant
KILLS.FRM     ; Gecko
KILLS.FRM     ; Alien
KILLS.FRM     ; Giant Ant
KILLS.FRM     ; Big Bad Boss

*300
SWFTLERN.FRM  ; Bookworm
AWARENES.FRM  ; Awareness
HND2HND.FRM   ; Bonus Hand-to-Hand Attacks
DAMAGE.FRM    ; Bonus Hand-to-Hand Damage
BONUSMVE.FRM  ; Bonus Move
BONUSRNG.FRM  ; Bonus Ranged Damage
BONUSRAT.FRM  ; Bonus Rate of Fire
EARLYSEQ.FRM  ; Earlier Sequence
HEALRATE.FRM  ; Faster Healing
MORECRIT.FRM  ; More Criticals
NIGHTVIZ.FRM  ; Night Vision
PRESENCE.FRM  ; Presence
RADRESIS.FRM  ; Rad Resistance
TOUGHNES.FRM  ; Toughness
PACKANIM.FRM  ; Pack Animal
SHARPSHT.FRM  ; Sharpshooter
SILNTRUN.FRM  ; Silent Running
SURVIVAL.FRM  ; Survivalist
MSTRTRAD.FRM  ; Master Trader
EDUCATED.FRM  ; Educated
HEALER.FRM    ; Healer
FORTUNFD.FRM  ; Fortune Finder
BETRCRIT.FRM  ; Better Criticals
EMPATHY.FRM   ; Empathy
SLAYER.FRM    ; Slayer
SNIPER.FRM    ; Sniper
SILENTD.FRM   ; Silent Death
ACTION.FRM    ; Action Boy
MENTALBK.FRM  ; Mental Block
LIFEGIVR.FRM  ; Lifegiver
DODGER.FRM    ; Dodger
SNAKEEAT.FRM  ; Snakeater
MRFIXIT.FRM   ; Mr Fixit
MEDIC.FRM     ; Medic
MTRTHIEF.FRM  ; Master Thief
SPEAKER.FRM   ; Speaker
HEAVEHO.FRM   ; Heave Ho
FRIENFOE.FRM  ; Friendly Foe
PICKPOCK.FRM  ; Pickpocket
GHOST.FRM     ; Ghost
CULTOPER.FRM  ; Cult of Personality
SCROUNGR.FRM  ; Scrounger
EXPLORER.FRM  ; Explorer
FLOWER.FRM    ; Flower Child
PATHFNDR.FRM  ; Pathfinder
ANIMALFR.FRM  ; Animal Friend
SCOUT.FRM     ; Scout
STRANGER.FRM  ; Mysterious Stranger
RANGER.FRM    ; Ranger
QUIKPOCK.FRM  ; Quick Pockets
SMOOTHTK.FRM  ; Smooth Talker
SWFTLERN.FRM  ; Swift Learner
TAG.FRM       ; Tag
MUTATE.FRM    ; Mutate
*380
ADRNRUSH.FRM  ; Adrenaline Rush
CAUTIOUS.FRM  ; Cautious Nature
SWFTLERN.FRM  ; Comprehension
TRAPS.FRM     ; Demolition Expert
GAMBLING.FRM  ; Gambler
STRENGTH.FRM  ; Gain Strength
PERCEPTN.FRM  ; Gain Perception
ENDUR.FRM     ; Gain Endurance
CHARISMA.FRM  ; Gain Charisma
INTEL.FRM     ; Gain Intelligence
AGILITY.FRM   ; Gain Agility
LUCK.FRM      ; Gain Luck
HARMLESS.FRM  ; Harmless (changed name?)
HERE&NOW.FRM  ; Here and Now
H2HEVADE.FRM  ; Hand to Hand Evade
KMASUTRA.FRM  ; Kama Sutra Master
KARMABCN.FRM  ; Karma Beacon
LITESTEP.FRM  ; Light Step
LVNGANAT.FRM  ; Living Anatomy
MAGPERS.FRM   ; Magnetic Personality
BARTER.FRM    ; Negotiator
PACKRAT.FRM   ; Pack Rat
PYROMNAC.FRM  ; Pyromaniac
QWKRECOV.FRM  ; Quick Recovery
BARTER.FRM    ; Salesman
STONWALL.FRM  ; Stonewall
STEAL.FRM     ; Thief
WEPNHAND.FRM  ; Weapon Handling
*419
JINXED.FRM    ; Jinxed
DRMLARMR.FRM  ; Terminator
*430
GECKOSKN.FRM  ; Gecko Skinning
VCINNOC.FRM   ; Vault City Inoculations
DRMLARMR.FRM  ; Dermal Armor
DRMLARMR.FRM  ; Dermal Armor
PHNXARMR.FRM  ; Phoenix Armor
PHNXARMR.FRM  ; Phoenix Armor

*470
NUKACOLA.FRM  ; Nuka-Cola
BUFFOUTS.FRM  ; Buffout
MENTATS.FRM   ; Mentats
PSYCHO.FRM    ; Psycho
RADAWAY.FRM   ; Radaway
JETADICT.FRM  ; Jet
TRAGIC.FRM    ; Tragic

*480
REPBRSRK.FRM  ; Reputation (Berserker)
REPGOOD.FRM   ; Reputation (Champion)
REPCHILD.FRM  ; Reputation (Child Killer)
EXPERTSX.FRM  ; Expert (Sex for New Reno)
FIGHTER.FRM   ; Fighter Rep
GIGOLO.FRM    ; Gigolo (Sex for New Reno)
GRAVEROB.FRM  ; Grave-robber
MARRIED.FRM   ; Married Rep
PORNSTAR.FRM  ; Pornstar (Sex for New Reno)
SLAVER.FRM    ; Slaver Rep
VIRGIN.FRM    ; Virgin (Sex for New Reno)
MADEMAN.FRM   ; Made Man Rep
MADEMAN.FRM   ; Made Man Rep
MADEMAN.FRM   ; Made Man Rep
MADEMAN.FRM   ; Made Man Rep
DIVORCED.FRM  ; Divorced/Widowed

*500
POISONED.FRM  ; Poisoned
RADIATED.FRM  ; Radiated
EYEDAMAG.FRM  ; Eye Damage
ARMRIGHT.FRM  ; Crippled Right Arm
ARMLEFT.FRM   ; Crippled Left Arm
LEGRIGHT.FRM  ; Crippled Right Leg
LEGLEFT.FRM   ; Crippled Left Leg

*550
FASTMETA.FRM  ; Fast Metabolism
BRUISER.FRM   ; Bruiser
SMLFRAME.FRM  ; Small Frame
ONEHAND.FRM   ; One Hander
FINESSE.FRM   ; Finesse
KAMIKAZE.FRM  ; Kamikaze
HEAVYHND.FRM  ; Heavy Handed
FASTSHOT.FRM  ; Fast Shot
BLDMESS.FRM   ; Bloody Mess
JINXED.FRM    ; Jinxed
GOODNATR.FRM  ; Good Natured
ADDICT.FRM    ; Drug Addict
DRUGREST.FRM  ; Drug Resistant
EMPATHY.FRM   ; Sexappeal
SKILLED.FRM   ; Skilled
NIGHTPER.FRM  ; Night Person
GIFTED.FRM    ; Gifted

*1000
PERKS.FRM     ; Perks
KILLS.FRM     ; Kills
KARMA.FRM     ; Karma
TRAITS.FRM    ; Traits
REP.FRM       ; Reputation (Good/Bad)
SKILLS.FRM    ; Skills/Tag Skills/Skill Points
LEVELNXT.FRM  ; Next Level
ADDICT.FRM    ; Drug addiction
ALCHOHOL.FRM  ; Alcohol addiction

*2000
GUARDIAN.FRM  ; Savior of the Damned ???
GUARDIAN.FRM  ; Guardian Rep
SHLDHOPE.FRM  ; Shield of Hope Rep
DEFENDER.FRM  ; Defender Rep
WANDERER.FRM  ; Wanderer Rep
BETRAY.FRM    ; Betrayer
DESPAIR.FRM   ; Despair Rep
SCOURGE.FRM   ; Scourge Rep
DEMON.FRM     ; Demon Rep

*2100
IDOLIZED.FRM  ; Idolized Rep
LIKED.FRM     ; Liked Rep
LIKED.FRM     ; Accepted ???
NEUTRAL.FRM   ; Neutral Rep
HATED.FRM     ; Antipathy ???
HATED.FRM     ; Hated Rep
VILLFIED.FRM  ; Villified Rep
